// Vitest Snapshot v1

exports[`App > should match snapshot 1`] = `
"<div class=\\"flex flex-col justify-center items-center min-h-screen space-y-8\\">
  <div class=\\"border rounded-lg devide-x\\" labels=\\"one\\"><button class=\\"px-4 py-2 hover:bg-gray-100\\">one</button></div>
  <div class=\\"border rounded-lg devide-x\\" labels=\\"two,three,four\\"><button class=\\"px-4 py-2 hover:bg-gray-100\\">two</button><button class=\\"px-4 py-2 hover:bg-gray-100\\">three</button><button class=\\"px-4 py-2 hover:bg-gray-100\\">four</button></div>
</div>"
`;
